./../BreakupModel.py:425: RuntimeWarning: invalid value encountered in sqrt
  del_v_max = -v0*np.sin(theta)*np.cos(phi) + np.sqrt(descriminate)
./../BreakupModel.py:426: RuntimeWarning: invalid value encountered in sqrt
  del_v_min = -v0*np.sin(theta)*np.cos(phi) - np.sqrt(descriminate)
WARNING : System may be too stiff to integrate
